					TOTAL COHORT					HIV+ PATIENTS			PRIMARY OI CASES PER THOUSAND HIV+ PATIENTS															DTHS /1000										MTHS TO DET	MTHS TO DET	AVG CD4 AT	AVG CD4 AT	TOTAL NUMBER OI CASES (PRIMARY + SECONDARY) /1000															TOTAL NUMBER DEATHS FROM ACUTE OI CASES /1000															TOTAL NUMBER DETECTED OI CASES /1000															TOTAL # /1000
RUN SET 	RUN NAME 	RUN DATE 	RUN TIME 	COHORT 	COST 	LMs 	QALMs 	COST/LY 	COST/QALY 	COST 	LMs 	QALMs 	BE 	BMMC 	BV 	FMMC 	MLR 	OTHEROI 	OTHM 	OTHNA 	OTHS 	ST34MC 	ST34NS 	ST34V 	TB(Active) 	TB 	NONE7 	chrAIDS 	nonAIDS 	toxART 	toxProph 	toxTBProph 	toxTBTreatment 	CVD 	Hepatic 	Renal 	Malignancy 	(PREVAL) 	(INCID) 	DET (PREVAL) 	DET (INCID) 	BE 	BMMC 	BV 	FMMC 	MLR 	OTHEROI 	OTHM 	OTHNA 	OTHS 	ST34MC 	ST34NS 	ST34V 	TB(Active) 	TB 	NONE7 	BE 	BMMC 	BV 	FMMC 	MLR 	OTHEROI 	OTHM 	OTHNA 	OTHS 	ST34MC 	ST34NS 	ST34V 	TB(Active) 	TB 	NONE7 	BE 	BMMC 	BV 	FMMC 	MLR 	OTHEROI 	OTHM 	OTHNA 	OTHS 	ST34MC 	ST34NS 	ST34V 	TB(Active) 	TB 	NONE7 	CLINIC VISITS
=========	=========	=========	=========	=====	====	======	========	=========	=========	=========	=========	=========	=========	=========	=========	=========	=========	=========	=========	=========	=========	=========	=========	=========	=========	=========	=========	=========	=========	=========	=========	=========	=========	=========	=========	=========	=========	=========	=========	=========	=========	=========	=========	=========	=========	=========	=========	=========	=========	=========	=========	=========	=========	=========	=========	=========	=========	=========	=========	=========	=========	=========	=========	=========	=========	=========	=========	=========	=========	=========	=========	=========	=========	=========	=========	=========	=========	=========	=========	=========	=========	=========	=========	=========	=========	=========	=========	=========
Miami_NOART_50a_NoBT	/home/saman/Codes/hiv-CDM/MIAMI_tests/LinkageToCare/INFILES/Miami_NOART_50a_NoBT	06/28/21	14:05:18	188869	1	162.6216	162.6157			419	98.2841	95.6556	0.000	0.000	173.810	792.857	0.000	0.000	766.667	0.000	297.619	221.429	69.048	90.476	0.000	409.524	0.000	823.810	92.857	0.000	0.000	0.000	0.000	0.000	0.000	0.000	0.000	0.000	111.820	0.000	235.120	0.000	0.000	192.857	2800.000	0.000	0.000	2635.714	0.000	369.048	276.190	73.810	97.619	0.000	645.238	0.000	0.000	0.000	2.381	11.905	0.000	0.000	2.381	0.000	23.810	2.381	14.286	11.905	0.000	14.286	0.000	0.000	0.000	104.762	1261.905	0.000	0.000	1214.286	0.000	292.857	226.190	54.762	66.667	0.000	550.000	0.000	57302.381
=========	=========	=========	=========	=====	====	======	========	=========	=========	=========	=========	=========	=========	=========	=========	=========	=========	=========	=========	=========	=========	=========	=========	=========	=========	=========	=========	=========	=========	=========	=========	=========	=========	=========	=========	=========	=========	=========	=========	=========	=========	=========	=========	=========	=========	=========	=========	=========	=========	=========	=========	=========	=========	=========	=========	=========	=========	=========	=========	=========	=========	=========	=========	=========	=========	=========	=========	=========	=========	=========	=========	=========	=========	=========	=========	=========	=========	=========	=========	=========	=========	=========	=========	=========	=========	=========	=========	=========
Miami_NOART_50a_NoBT	/home/saman/Codes/hiv-CDM/MIAMI_tests/LinkageToCare/INFILES/Miami_NOART_50a_NoBT	06/29/21	13:10:25	188897	1	162.6319	162.6279			271	94.2757	92.4864	0.000	0.000	123.515	714.964	0.000	0.000	719.715	0.000	239.905	192.399	76.010	109.264	0.000	363.420	0.000	862.233	49.881	0.000	0.000	0.000	0.000	0.000	0.000	0.000	0.000	0.000	115.090	0.000	213.365	0.000	0.000	135.392	2185.273	0.000	0.000	1992.874	0.000	327.791	220.903	78.385	128.266	0.000	539.192	0.000	0.000	0.000	2.375	7.126	0.000	0.000	4.751	0.000	40.380	4.751	16.627	9.501	0.000	2.375	0.000	0.000	0.000	78.385	950.119	0.000	0.000	900.238	0.000	268.409	197.150	59.382	111.639	0.000	382.423	0.000	33261.283
=========	=========	=========	=========	=====	====	======	========	=========	=========	=========	=========	=========	=========	=========	=========	=========	=========	=========	=========	=========	=========	=========	=========	=========	=========	=========	=========	=========	=========	=========	=========	=========	=========	=========	=========	=========	=========	=========	=========	=========	=========	=========	=========	=========	=========	=========	=========	=========	=========	=========	=========	=========	=========	=========	=========	=========	=========	=========	=========	=========	=========	=========	=========	=========	=========	=========	=========	=========	=========	=========	=========	=========	=========	=========	=========	=========	=========	=========	=========	=========	=========	=========	=========	=========	=========	=========	=========	=========
Miami_NOART_50a_NoBT	/home/saman/Codes/hiv-CDM/MIAMI_tests/LinkageToCare/INFILES/Miami_NOART_50a_NoBT	06/30/21	13:53:13	19882	0	156.6776	156.6749			217	91.5873	90.2354	0.000	0.000	146.341	756.098	0.000	0.000	682.927	0.000	170.732	195.122	24.390	121.951	0.000	341.463	0.000	853.659	48.780	0.000	0.000	0.000	0.000	0.000	0.000	0.000	0.000	0.000	111.875	0.000	242.836	0.000	0.000	146.341	2439.024	0.000	0.000	2000.000	0.000	170.732	365.854	24.390	146.341	0.000	365.854	0.000	0.000	0.000	24.390	0.000	0.000	0.000	0.000	0.000	24.390	24.390	0.000	0.000	0.000	24.390	0.000	0.000	0.000	73.171	878.049	0.000	0.000	829.268	0.000	146.341	317.073	24.390	146.341	0.000	219.512	0.000	27853.659
=========	=========	=========	=========	=====	====	======	========	=========	=========	=========	=========	=========	=========	=========	=========	=========	=========	=========	=========	=========	=========	=========	=========	=========	=========	=========	=========	=========	=========	=========	=========	=========	=========	=========	=========	=========	=========	=========	=========	=========	=========	=========	=========	=========	=========	=========	=========	=========	=========	=========	=========	=========	=========	=========	=========	=========	=========	=========	=========	=========	=========	=========	=========	=========	=========	=========	=========	=========	=========	=========	=========	=========	=========	=========	=========	=========	=========	=========	=========	=========	=========	=========	=========	=========	=========	=========	=========	=========
Miami_NOART_50a_NoBT	/home/saman/Codes/hiv-CDM/MIAMI_tests/LinkageToCare/INFILES/Miami_NOART_50a_NoBT	06/30/21	15:04:21	19882	0	156.6776	156.6749			217	91.5873	90.2354	0.000	0.000	146.341	756.098	0.000	0.000	682.927	0.000	170.732	195.122	24.390	121.951	0.000	341.463	0.000	853.659	48.780	0.000	0.000	0.000	0.000	0.000	0.000	0.000	0.000	0.000	111.875	0.000	242.836	0.000	0.000	146.341	2439.024	0.000	0.000	2000.000	0.000	170.732	365.854	24.390	146.341	0.000	365.854	0.000	0.000	0.000	24.390	0.000	0.000	0.000	0.000	0.000	24.390	24.390	0.000	0.000	0.000	24.390	0.000	0.000	0.000	73.171	878.049	0.000	0.000	829.268	0.000	146.341	317.073	24.390	146.341	0.000	219.512	0.000	27853.659
=========	=========	=========	=========	=====	====	======	========	=========	=========	=========	=========	=========	=========	=========	=========	=========	=========	=========	=========	=========	=========	=========	=========	=========	=========	=========	=========	=========	=========	=========	=========	=========	=========	=========	=========	=========	=========	=========	=========	=========	=========	=========	=========	=========	=========	=========	=========	=========	=========	=========	=========	=========	=========	=========	=========	=========	=========	=========	=========	=========	=========	=========	=========	=========	=========	=========	=========	=========	=========	=========	=========	=========	=========	=========	=========	=========	=========	=========	=========	=========	=========	=========	=========	=========	=========	=========	=========	=========
Miami_NOART_50a_NoBT	/home/saman/Codes/hiv-CDM/MIAMI_tests/LinkageToCare/INFILES/Miami_NOART_50a_NoBT	06/30/21	15:29:38	19882	0	156.6776	156.6749			217	91.5873	90.2354	0.000	0.000	146.341	756.098	0.000	0.000	682.927	0.000	170.732	195.122	24.390	121.951	0.000	341.463	0.000	853.659	48.780	0.000	0.000	0.000	0.000	0.000	0.000	0.000	0.000	0.000	111.875	0.000	242.836	0.000	0.000	146.341	2439.024	0.000	0.000	2000.000	0.000	170.732	365.854	24.390	146.341	0.000	365.854	0.000	0.000	0.000	24.390	0.000	0.000	0.000	0.000	0.000	24.390	24.390	0.000	0.000	0.000	24.390	0.000	0.000	0.000	73.171	878.049	0.000	0.000	829.268	0.000	146.341	317.073	24.390	146.341	0.000	219.512	0.000	27853.659
=========	=========	=========	=========	=====	====	======	========	=========	=========	=========	=========	=========	=========	=========	=========	=========	=========	=========	=========	=========	=========	=========	=========	=========	=========	=========	=========	=========	=========	=========	=========	=========	=========	=========	=========	=========	=========	=========	=========	=========	=========	=========	=========	=========	=========	=========	=========	=========	=========	=========	=========	=========	=========	=========	=========	=========	=========	=========	=========	=========	=========	=========	=========	=========	=========	=========	=========	=========	=========	=========	=========	=========	=========	=========	=========	=========	=========	=========	=========	=========	=========	=========	=========	=========	=========	=========	=========	=========
Miami_NOART_50a_NoBT	/home/saman/Codes/hiv-CDM/MIAMI_tests/LinkageToCare/INFILES/Miami_NOART_50a_NoBT	06/30/21	15:35:48	19882	0	156.6776	156.6749			217	91.5873	90.2354	0.000	0.000	146.341	756.098	0.000	0.000	682.927	0.000	170.732	195.122	24.390	121.951	0.000	341.463	0.000	853.659	48.780	0.000	0.000	0.000	0.000	0.000	0.000	0.000	0.000	0.000	111.875	0.000	242.836	0.000	0.000	146.341	2439.024	0.000	0.000	2000.000	0.000	170.732	365.854	24.390	146.341	0.000	365.854	0.000	0.000	0.000	24.390	0.000	0.000	0.000	0.000	0.000	24.390	24.390	0.000	0.000	0.000	24.390	0.000	0.000	0.000	73.171	878.049	0.000	0.000	829.268	0.000	146.341	317.073	24.390	146.341	0.000	219.512	0.000	27853.659
=========	=========	=========	=========	=====	====	======	========	=========	=========	=========	=========	=========	=========	=========	=========	=========	=========	=========	=========	=========	=========	=========	=========	=========	=========	=========	=========	=========	=========	=========	=========	=========	=========	=========	=========	=========	=========	=========	=========	=========	=========	=========	=========	=========	=========	=========	=========	=========	=========	=========	=========	=========	=========	=========	=========	=========	=========	=========	=========	=========	=========	=========	=========	=========	=========	=========	=========	=========	=========	=========	=========	=========	=========	=========	=========	=========	=========	=========	=========	=========	=========	=========	=========	=========	=========	=========	=========	=========
Miami_NOART_50a_NoBT	/home/saman/Codes/hiv-CDM/MIAMI_tests/LinkageToCare/INFILES/Miami_NOART_50a_NoBT	06/30/21	17:05:39	188869	1	162.6216	162.6157			419	98.2841	95.6556	0.000	0.000	173.810	792.857	0.000	0.000	766.667	0.000	297.619	221.429	69.048	90.476	0.000	409.524	0.000	823.810	92.857	0.000	0.000	0.000	0.000	0.000	0.000	0.000	0.000	0.000	111.820	0.000	235.120	0.000	0.000	192.857	2800.000	0.000	0.000	2635.714	0.000	369.048	276.190	73.810	97.619	0.000	645.238	0.000	0.000	0.000	2.381	11.905	0.000	0.000	2.381	0.000	23.810	2.381	14.286	11.905	0.000	14.286	0.000	0.000	0.000	104.762	1261.905	0.000	0.000	1214.286	0.000	292.857	226.190	54.762	66.667	0.000	550.000	0.000	57302.381
=========	=========	=========	=========	=====	====	======	========	=========	=========	=========	=========	=========	=========	=========	=========	=========	=========	=========	=========	=========	=========	=========	=========	=========	=========	=========	=========	=========	=========	=========	=========	=========	=========	=========	=========	=========	=========	=========	=========	=========	=========	=========	=========	=========	=========	=========	=========	=========	=========	=========	=========	=========	=========	=========	=========	=========	=========	=========	=========	=========	=========	=========	=========	=========	=========	=========	=========	=========	=========	=========	=========	=========	=========	=========	=========	=========	=========	=========	=========	=========	=========	=========	=========	=========	=========	=========	=========	=========
Miami_NOART_50a_NoBT	/home/saman/Codes/hiv-CDM/MIAMI_tests/LinkageToCare/INFILES/Miami_NOART_50a_NoBT	07/01/21	09:14:01	188869	1	162.6216	162.6157			419	98.2841	95.6556	0.000	0.000	173.810	792.857	0.000	0.000	766.667	0.000	297.619	221.429	69.048	90.476	0.000	409.524	0.000	823.810	92.857	0.000	0.000	0.000	0.000	0.000	0.000	0.000	0.000	0.000	111.820	0.000	235.120	0.000	0.000	192.857	2800.000	0.000	0.000	2635.714	0.000	369.048	276.190	73.810	97.619	0.000	645.238	0.000	0.000	0.000	2.381	11.905	0.000	0.000	2.381	0.000	23.810	2.381	14.286	11.905	0.000	14.286	0.000	0.000	0.000	104.762	1261.905	0.000	0.000	1214.286	0.000	292.857	226.190	54.762	66.667	0.000	550.000	0.000	57302.381
=========	=========	=========	=========	=====	====	======	========	=========	=========	=========	=========	=========	=========	=========	=========	=========	=========	=========	=========	=========	=========	=========	=========	=========	=========	=========	=========	=========	=========	=========	=========	=========	=========	=========	=========	=========	=========	=========	=========	=========	=========	=========	=========	=========	=========	=========	=========	=========	=========	=========	=========	=========	=========	=========	=========	=========	=========	=========	=========	=========	=========	=========	=========	=========	=========	=========	=========	=========	=========	=========	=========	=========	=========	=========	=========	=========	=========	=========	=========	=========	=========	=========	=========	=========	=========	=========	=========	=========
Miami_NOART_50a_NoBT	/home/saman/Codes/hiv-CDM/MIAMI_tests/LinkageToCare/INFILES/Miami_NOART_50a_NoBT	07/12/21	13:24:20	90198	0	235.9147	235.8881			22	112.3253	107.1746	0.000	0.000	141.935	713.978	0.000	0.000	698.925	0.000	251.613	176.344	64.516	88.172	0.000	380.645	0.000	905.376	32.258	0.000	0.000	0.000	0.000	0.000	0.000	0.000	0.000	0.000	0.000	0.000	815.977	0.000	0.000	167.742	1858.065	0.000	0.000	1608.602	0.000	313.978	197.849	66.667	109.677	0.000	498.925	0.000	0.000	0.000	2.151	8.602	0.000	0.000	8.602	0.000	8.602	2.151	8.602	15.054	0.000	8.602	0.000	0.000	0.000	0.000	10.753	0.000	0.000	19.355	0.000	0.000	0.000	2.151	4.301	0.000	6.452	0.000	972.043
=========	=========	=========	=========	=====	====	======	========	=========	=========	=========	=========	=========	=========	=========	=========	=========	=========	=========	=========	=========	=========	=========	=========	=========	=========	=========	=========	=========	=========	=========	=========	=========	=========	=========	=========	=========	=========	=========	=========	=========	=========	=========	=========	=========	=========	=========	=========	=========	=========	=========	=========	=========	=========	=========	=========	=========	=========	=========	=========	=========	=========	=========	=========	=========	=========	=========	=========	=========	=========	=========	=========	=========	=========	=========	=========	=========	=========	=========	=========	=========	=========	=========	=========	=========	=========	=========	=========	=========
Miami_NOART_50a_NoBT	/home/saman/Codes/hiv-CDM/MIAMI_tests/LinkageToCare/INFILES/Miami_NOART_50a_NoBT	07/12/21	14:11:17	90195	20	236.2652	236.2115			3842	149.8832	139.3925	0.000	0.000	140.693	720.779	0.000	0.000	701.299	0.000	233.766	149.351	60.606	86.580	0.000	385.281	0.000	807.359	114.719	0.000	0.000	0.000	0.000	0.000	0.000	0.000	0.000	0.000	0.000	0.000	799.363	0.000	0.000	149.351	2452.381	0.000	0.000	2082.251	0.000	303.030	190.476	62.771	97.403	0.000	603.896	0.000	0.000	0.000	10.823	19.481	0.000	0.000	4.329	0.000	19.481	6.494	8.658	2.165	0.000	6.494	0.000	0.000	0.000	75.758	1173.160	0.000	0.000	1162.338	0.000	205.628	116.883	30.303	62.771	0.000	417.749	0.000	106112.554
=========	=========	=========	=========	=====	====	======	========	=========	=========	=========	=========	=========	=========	=========	=========	=========	=========	=========	=========	=========	=========	=========	=========	=========	=========	=========	=========	=========	=========	=========	=========	=========	=========	=========	=========	=========	=========	=========	=========	=========	=========	=========	=========	=========	=========	=========	=========	=========	=========	=========	=========	=========	=========	=========	=========	=========	=========	=========	=========	=========	=========	=========	=========	=========	=========	=========	=========	=========	=========	=========	=========	=========	=========	=========	=========	=========	=========	=========	=========	=========	=========	=========	=========	=========	=========	=========	=========	=========
