RunName	 Average LM 	 HIV+ LM	 HIV- LM	 HIV+ Survival	 R_0	Time	 Prevalence	 SA Prevalence	 Incidence	 Cumulative No. Dead	Time	 Prevalence	 SA Prevalence	 Incidence	 Cumulative No. Dead	Time	 Prevalence	 SA Prevalence	 Incidence	 Cumulative No. Dead	Time	 Prevalence	 SA Prevalence	 Incidence	 Cumulative No. Dead	Time	 Prevalence	 SA Prevalence	 Incidence	 Cumulative No. Dead	
MIA_PROPOSAL_TEMPLATE_v4.5000N_M_ART100_LTC0	996.643	619.986	997.412	542.293	1	
RunName	 Average LM 	 HIV+ LM	 HIV- LM	 HIV+ Survival	 R_0	Time	 Prevalence	 SA Prevalence	 Incidence	 Cumulative No. Dead	Time	 Prevalence	 SA Prevalence	 Incidence	 Cumulative No. Dead	Time	 Prevalence	 SA Prevalence	 Incidence	 Cumulative No. Dead	Time	 Prevalence	 SA Prevalence	 Incidence	 Cumulative No. Dead	Time	 Prevalence	 SA Prevalence	 Incidence	 Cumulative No. Dead	
MIA_PROPOSAL_TEMPLATE_v4.5000N_M_ART100_LTC0	997.042	574.461	997.907	495.534	1	
RunName	 Average LM 	 HIV+ LM	 HIV- LM	 HIV+ Survival	 R_0	Time	 Prevalence	 SA Prevalence	 Incidence	 Cumulative No. Dead	Time	 Prevalence	 SA Prevalence	 Incidence	 Cumulative No. Dead	Time	 Prevalence	 SA Prevalence	 Incidence	 Cumulative No. Dead	Time	 Prevalence	 SA Prevalence	 Incidence	 Cumulative No. Dead	Time	 Prevalence	 SA Prevalence	 Incidence	 Cumulative No. Dead	
MIA_PROPOSAL_TEMPLATE_v4.5000N_M_ART100_LTC0	993.605	555.902	994.421	515.732	1	
RunName	 Average LM 	 HIV+ LM	 HIV- LM	 HIV+ Survival	 R_0	Time	 Prevalence	 SA Prevalence	 Incidence	 Cumulative No. Dead	Time	 Prevalence	 SA Prevalence	 Incidence	 Cumulative No. Dead	Time	 Prevalence	 SA Prevalence	 Incidence	 Cumulative No. Dead	Time	 Prevalence	 SA Prevalence	 Incidence	 Cumulative No. Dead	Time	 Prevalence	 SA Prevalence	 Incidence	 Cumulative No. Dead	
MIA_PROPOSAL_TEMPLATE_v4.5000N_M_ART100_LTC0	993.605	555.902	994.421	515.732	1	
RunName	 Average LM 	 HIV+ LM	 HIV- LM	 HIV+ Survival	 R_0	Time	 Prevalence	 SA Prevalence	 Incidence	 Cumulative No. Dead	Time	 Prevalence	 SA Prevalence	 Incidence	 Cumulative No. Dead	Time	 Prevalence	 SA Prevalence	 Incidence	 Cumulative No. Dead	Time	 Prevalence	 SA Prevalence	 Incidence	 Cumulative No. Dead	Time	 Prevalence	 SA Prevalence	 Incidence	 Cumulative No. Dead	
MIA_PROPOSAL_TEMPLATE_v4.5000N_M_ART100_LTC0	993.605	555.902	994.421	515.732	1	
RunName	 Average LM 	 HIV+ LM	 HIV- LM	 HIV+ Survival	 R_0	Time	 Prevalence	 SA Prevalence	 Incidence	 Cumulative No. Dead	Time	 Prevalence	 SA Prevalence	 Incidence	 Cumulative No. Dead	Time	 Prevalence	 SA Prevalence	 Incidence	 Cumulative No. Dead	Time	 Prevalence	 SA Prevalence	 Incidence	 Cumulative No. Dead	Time	 Prevalence	 SA Prevalence	 Incidence	 Cumulative No. Dead	
MIA_PROPOSAL_TEMPLATE_v4.5000N_M_ART100_LTC0	993.605	555.902	994.421	515.732	1	
RunName	 Average LM 	 HIV+ LM	 HIV- LM	 HIV+ Survival	 R_0	Time	 Prevalence	 SA Prevalence	 Incidence	 Cumulative No. Dead	Time	 Prevalence	 SA Prevalence	 Incidence	 Cumulative No. Dead	Time	 Prevalence	 SA Prevalence	 Incidence	 Cumulative No. Dead	Time	 Prevalence	 SA Prevalence	 Incidence	 Cumulative No. Dead	Time	 Prevalence	 SA Prevalence	 Incidence	 Cumulative No. Dead	
MIA_PROPOSAL_TEMPLATE_v4.5000N_M_ART100_LTC0	996.643	619.986	997.412	542.293	1	
RunName	 Average LM 	 HIV+ LM	 HIV- LM	 HIV+ Survival	 R_0	Time	 Prevalence	 SA Prevalence	 Incidence	 Cumulative No. Dead	Time	 Prevalence	 SA Prevalence	 Incidence	 Cumulative No. Dead	Time	 Prevalence	 SA Prevalence	 Incidence	 Cumulative No. Dead	Time	 Prevalence	 SA Prevalence	 Incidence	 Cumulative No. Dead	Time	 Prevalence	 SA Prevalence	 Incidence	 Cumulative No. Dead	
MIA_PROPOSAL_TEMPLATE_v4.5000N_M_ART100_LTC0	996.643	619.986	997.412	542.293	1	
RunName	 Average LM 	 HIV+ LM	 HIV- LM	 HIV+ Survival	 R_0	Time	 Prevalence	 SA Prevalence	 Incidence	 Cumulative No. Dead	Time	 Prevalence	 SA Prevalence	 Incidence	 Cumulative No. Dead	Time	 Prevalence	 SA Prevalence	 Incidence	 Cumulative No. Dead	Time	 Prevalence	 SA Prevalence	 Incidence	 Cumulative No. Dead	Time	 Prevalence	 SA Prevalence	 Incidence	 Cumulative No. Dead	
MIA_PROPOSAL_TEMPLATE_v4.5000N_M_ART100_LTC0	1013.7	534.228	1015.74	500.396	1	
RunName	 Average LM 	 HIV+ LM	 HIV- LM	 HIV+ Survival	 R_0	Time	 Prevalence	 SA Prevalence	 Incidence	 Cumulative No. Dead	Time	 Prevalence	 SA Prevalence	 Incidence	 Cumulative No. Dead	Time	 Prevalence	 SA Prevalence	 Incidence	 Cumulative No. Dead	Time	 Prevalence	 SA Prevalence	 Incidence	 Cumulative No. Dead	Time	 Prevalence	 SA Prevalence	 Incidence	 Cumulative No. Dead	
MIA_PROPOSAL_TEMPLATE_v4.5000N_M_ART100_LTC0	1014.08	611.34	1015.78	576.667	1	
